.\maven\apache-maven-3.9.6\bin\mvn.cmd : WARNING: 
A restricted method in java.lang.System has been 
called
At line:1 char:1
+ .\maven\apache-maven-3.9.6\bin\mvn.cmd clean 
compile > compile_errors ...
+ ~~~~~~~~~~~~~~~~~~~~~~~~~~~~~~~~~~~~~~~~~~~~~~~~
~~~~~~~~~~~~~~~~~~~~~
    + CategoryInfo          : NotSpecified: (WARN 
   ING: A rest...has been called:String) [], Rem  
  oteException
    + FullyQualifiedErrorId : NativeCommandError
 
WARNING: java.lang.System::load has been called 
by org.fusesource.jansi.internal.JansiLoader in 
an unnamed module (file:/D:/OTCNEW/otc-spring-boot
-api/maven/apache-maven-3.9.6/lib/jansi-2.4.0.jar)
WARNING: Use --enable-native-access=ALL-UNNAMED 
to avoid a warning for callers in this module
WARNING: Restricted methods will be blocked in a 
future release unless native access is enabled

WARNING: A terminally deprecated method in 
sun.misc.Unsafe has been called
WARNING: sun.misc.Unsafe::objectFieldOffset has 
been called by com.google.common.util.concurrent.A
bstractFuture$UnsafeAtomicHelper (file:/D:/OTCNEW/
otc-spring-boot-api/maven/apache-maven-3.9.6/lib/g
uava-32.0.1-jre.jar)
WARNING: Please consider reporting this to the 
maintainers of class com.google.common.util.concur
rent.AbstractFuture$UnsafeAtomicHelper
WARNING: sun.misc.Unsafe::objectFieldOffset will 
be removed in a future release
[INFO] Scanning for projects...
[INFO] 
[INFO] ----------------------------< com.otc:api >-----------------------------
[INFO] Building otc-spring-boot-api 0.0.1-SNAPSHOT
[INFO]   from pom.xml
[INFO] --------------------------------[ jar ]---------------------------------
[INFO] 
[INFO] --- clean:3.3.2:clean (default-clean) @ api ---
[INFO] Deleting D:\OTCNEW\otc-spring-boot-api\target
[INFO] 
[INFO] --- resources:3.3.1:resources (default-resources) @ api ---
[INFO] Copying 1 resource from src\main\resources to target\classes
[INFO] Copying 0 resource from src\main\resources to target\classes
[INFO] 
[INFO] --- compiler:3.11.0:compile (default-compile) @ api ---
[INFO] Changes detected - recompiling the module! :source
[INFO] Compiling 50 source files with javac [debug release 17] to target\classes
[INFO] -------------------------------------------------------------
[ERROR] COMPILATION ERROR : 
[INFO] -------------------------------------------------------------
[ERROR] /D:/OTCNEW/otc-spring-boot-api/src/main/java/com/otc/api/service/AdminMasterService.java:[49,52] cannot find symbol
  symbol:   method isActive()
  location: variable location of type com.otc.api.model.LocationMaster
[ERROR] /D:/OTCNEW/otc-spring-boot-api/src/main/java/com/otc/api/service/AdminMasterService.java:[75,50] cannot find symbol
  symbol:   method isActive()
  location: variable region of type com.otc.api.model.RegionMaster
[INFO] 2 errors 
[INFO] -------------------------------------------------------------
[INFO] ------------------------------------------------------------------------
[INFO] BUILD FAILURE
[INFO] ------------------------------------------------------------------------
[INFO] Total time:  3.100 s
[INFO] Finished at: 2026-04-03T01:11:22+05:30
[INFO] ------------------------------------------------------------------------
[ERROR] Failed to execute goal org.apache.maven.plugins:maven-compiler-plugin:3.11.0:compile (default-compile) on project api: Compilation failure: Compilation failure: 
[ERROR] /D:/OTCNEW/otc-spring-boot-api/src/main/java/com/otc/api/service/AdminMasterService.java:[49,52] cannot find symbol
[ERROR]   symbol:   method isActive()
[ERROR]   location: variable location of type com.otc.api.model.LocationMaster
[ERROR] /D:/OTCNEW/otc-spring-boot-api/src/main/java/com/otc/api/service/AdminMasterService.java:[75,50] cannot find symbol
[ERROR]   symbol:   method isActive()
[ERROR]   location: variable region of type com.otc.api.model.RegionMaster
[ERROR] -> [Help 1]
[ERROR] 
[ERROR] To see the full stack trace of the errors, re-run Maven with the -e switch.
[ERROR] Re-run Maven using the -X switch to enable full debug logging.
[ERROR] 
[ERROR] For more information about the errors and possible solutions, please read the following articles:
[ERROR] [Help 1] http://cwiki.apache.org/confluence/display/MAVEN/MojoFailureException
